[    0.000000] Linux version 4.15.0-111-generic (buildd@lcy01-amd64-011) (gcc version 7.5.0 (Ubuntu 7.5.0-3ubuntu1~18.04)) #112-Ubuntu SMP Thu Jul 9 20:32:34 UTC 2020 (Ubuntu 4.15.0-111.112-generic 4.15.18)
[    0.000000] Command line: BOOT_IMAGE=/boot/vmlinuz-4.15.0-111-generic root=LABEL=cloudimg-rootfs ro console=tty1 console=ttyS0
[    0.000000] KERNEL supported cpus:
[    0.000000]   Intel GenuineIntel
[    0.000000]   AMD AuthenticAMD
[    0.000000]   Centaur CentaurHauls
[    0.000000] x86/fpu: Supporting XSAVE feature 0x001: 'x87 floating point registers'
[    0.000000] x86/fpu: Supporting XSAVE feature 0x002: 'SSE registers'
[    0.000000] x86/fpu: Supporting XSAVE feature 0x004: 'AVX registers'
[    0.000000] x86/fpu: xstate_offset[2]:  576, xstate_sizes[2]:  256
[    0.000000] x86/fpu: Enabled xstate features 0x7, context size is 832 bytes, using 'standard' format.
[    0.000000] e820: BIOS-provided physical RAM map:
[    0.000000] BIOS-e820: [mem 0x0000000000000000-0x000000000009fbff] usable
[    0.000000] BIOS-e820: [mem 0x000000000009fc00-0x000000000009ffff] reserved
[    0.000000] BIOS-e820: [mem 0x00000000000f0000-0x00000000000fffff] reserved
[    0.000000] BIOS-e820: [mem 0x0000000000100000-0x000000003ffeffff] usable
[    0.000000] BIOS-e820: [mem 0x000000003fff0000-0x000000003fffffff] ACPI data
[    0.000000] BIOS-e820: [mem 0x00000000fec00000-0x00000000fec00fff] reserved
[    0.000000] BIOS-e820: [mem 0x00000000fee00000-0x00000000fee00fff] reserved
[    0.000000] BIOS-e820: [mem 0x00000000fffc0000-0x00000000ffffffff] reserved
[    0.000000] NX (Execute Disable) protection: active
[    0.000000] SMBIOS 2.5 present.
[    0.000000] DMI: innotek GmbH VirtualBox/VirtualBox, BIOS VirtualBox 12/01/2006
[    0.000000] Hypervisor detected: KVM
[    0.000000] e820: last_pfn = 0x3fff0 max_arch_pfn = 0x400000000
[    0.000000] MTRR: Disabled
[    0.000000] x86/PAT: MTRRs disabled, skipping PAT initialization too.
[    0.000000] CPU MTRRs all blank - virtualized system.
[    0.000000] x86/PAT: Configuration [0-7]: WB  WT  UC- UC  WB  WT  UC- UC
[    0.000000] found SMP MP-table at [mem 0x0009fff0-0x0009ffff]
[    0.000000] Scanning 1 areas for low memory corruption
[    0.000000] RAMDISK: [mem 0x35a67000-0x36d2afff]
[    0.000000] ACPI: Early table checksum verification disabled
[    0.000000] ACPI: RSDP 0x00000000000E0000 000024 (v02 VBOX  )
[    0.000000] ACPI: XSDT 0x000000003FFF0030 00003C (v01 VBOX   VBOXXSDT 00000001 ASL  00000061)
[    0.000000] ACPI: FACP 0x000000003FFF00F0 0000F4 (v04 VBOX   VBOXFACP 00000001 ASL  00000061)
[    0.000000] ACPI: DSDT 0x000000003FFF0470 002325 (v02 VBOX   VBOXBIOS 00000002 INTL 20100528)
[    0.000000] ACPI: FACS 0x000000003FFF0200 000040
[    0.000000] ACPI: FACS 0x000000003FFF0200 000040
[    0.000000] ACPI: APIC 0x000000003FFF0240 00005C (v02 VBOX   VBOXAPIC 00000001 ASL  00000061)
[    0.000000] ACPI: SSDT 0x000000003FFF02A0 0001CC (v01 VBOX   VBOXCPUT 00000002 INTL 20100528)
[    0.000000] No NUMA configuration found
[    0.000000] Faking a node at [mem 0x0000000000000000-0x000000003ffeffff]
[    0.000000] NODE_DATA(0) allocated [mem 0x3ffc5000-0x3ffeffff]
[    0.000000] kvm-clock: cpu 0, msr 0:3ff44001, primary cpu clock
[    0.000000] kvm-clock: Using msrs 4b564d01 and 4b564d00
[    0.000000] kvm-clock: using sched offset of 8219311744 cycles
[    0.000000] clocksource: kvm-clock: mask: 0xffffffffffffffff max_cycles: 0x1cd42e4dffb, max_idle_ns: 881590591483 ns
[    0.000000] Zone ranges:
[    0.000000]   DMA      [mem 0x0000000000001000-0x0000000000ffffff]
[    0.000000]   DMA32    [mem 0x0000000001000000-0x000000003ffeffff]
[    0.000000]   Normal   empty
[    0.000000]   Device   empty
[    0.000000] Movable zone start for each node
[    0.000000] Early memory node ranges
[    0.000000]   node   0: [mem 0x0000000000001000-0x000000000009efff]
[    0.000000]   node   0: [mem 0x0000000000100000-0x000000003ffeffff]
[    0.000000] Reserved but unavailable: 98 pages
[    0.000000] Initmem setup node 0 [mem 0x0000000000001000-0x000000003ffeffff]
[    0.000000] ACPI: PM-Timer IO Port: 0x4008
[    0.000000] IOAPIC[0]: apic_id 2, version 32, address 0xfec00000, GSI 0-23
[    0.000000] ACPI: INT_SRC_OVR (bus 0 bus_irq 0 global_irq 2 dfl dfl)
[    0.000000] ACPI: INT_SRC_OVR (bus 0 bus_irq 9 global_irq 9 low level)
[    0.000000] Using ACPI (MADT) for SMP configuration information
[    0.000000] smpboot: Allowing 2 CPUs, 0 hotplug CPUs
[    0.000000] PM: Registered nosave memory: [mem 0x00000000-0x00000fff]
[    0.000000] PM: Registered nosave memory: [mem 0x0009f000-0x0009ffff]
[    0.000000] PM: Registered nosave memory: [mem 0x000a0000-0x000effff]
[    0.000000] PM: Registered nosave memory: [mem 0x000f0000-0x000fffff]
[    0.000000] e820: [mem 0x40000000-0xfebfffff] available for PCI devices
[    0.000000] Booting paravirtualized kernel on KVM
[    0.000000] clocksource: refined-jiffies: mask: 0xffffffff max_cycles: 0xffffffff, max_idle_ns: 7645519600211568 ns
[    0.000000] random: get_random_bytes called from start_kernel+0x99/0x500 with crng_init=0
[    0.000000] setup_percpu: NR_CPUS:8192 nr_cpumask_bits:2 nr_cpu_ids:2 nr_node_ids:1
[    0.000000] percpu: Embedded 45 pages/cpu s147456 r8192 d28672 u1048576
[    0.000000] PV qspinlock hash table entries: 256 (order: 0, 4096 bytes)
[    0.000000] Built 1 zonelists, mobility grouping on.  Total pages: 257913
[    0.000000] Policy zone: DMA32
[    0.000000] Kernel command line: BOOT_IMAGE=/boot/vmlinuz-4.15.0-111-generic root=LABEL=cloudimg-rootfs ro console=tty1 console=ttyS0
[    0.000000] Memory: 983036K/1048120K available (12300K kernel code, 2481K rwdata, 4272K rodata, 2436K init, 2720K bss, 65084K reserved, 0K cma-reserved)
[    0.000000] SLUB: HWalign=64, Order=0-3, MinObjects=0, CPUs=2, Nodes=1
[    0.000000] Kernel/User page tables isolation: enabled
[    0.000000] ftrace: allocating 39378 entries in 154 pages
[    0.004000] Hierarchical RCU implementation.
[    0.004000] 	RCU restricting CPUs from NR_CPUS=8192 to nr_cpu_ids=2.
[    0.004000] 	Tasks RCU enabled.
[    0.004000] RCU: Adjusting geometry for rcu_fanout_leaf=16, nr_cpu_ids=2
[    0.004000] NR_IRQS: 524544, nr_irqs: 440, preallocated irqs: 16
[    0.004000] Console: colour VGA+ 80x25
[    0.004000] console [tty1] enabled
[    0.004000] console [ttyS0] enabled
[    0.004000] ACPI: Core revision 20170831
[    0.004000] ACPI: 2 ACPI AML tables successfully acquired and loaded
[    0.004000] APIC: Switch to symmetric I/O mode setup
[    0.004000] x2apic enabled
[    0.004013] Switched APIC routing to physical x2apic.
[    0.011565] ..TIMER: vector=0x30 apic1=0 pin1=2 apic2=-1 pin2=-1
[    0.012006] tsc: Detected 1799.998 MHz processor
[    0.014605] Calibrating delay loop (skipped) preset value.. 3599.99 BogoMIPS (lpj=7199992)
[    0.016007] pid_max: default: 32768 minimum: 301
[    0.020078] Security Framework initialized
[    0.024010] Yama: becoming mindful.
[    0.026025] AppArmor: AppArmor initialized
[    0.028105] Dentry cache hash table entries: 131072 (order: 8, 1048576 bytes)
[    0.032135] Inode-cache hash table entries: 65536 (order: 7, 524288 bytes)
[    0.036031] Mount-cache hash table entries: 2048 (order: 2, 16384 bytes)
[    0.040015] Mountpoint-cache hash table entries: 2048 (order: 2, 16384 bytes)
[    0.044620] Last level iTLB entries: 4KB 64, 2MB 8, 4MB 8
[    0.048006] Last level dTLB entries: 4KB 64, 2MB 0, 4MB 0, 1GB 4
[    0.052007] Spectre V1 : Mitigation: usercopy/swapgs barriers and __user pointer sanitization
[    0.056007] Spectre V2 : Mitigation: Full generic retpoline
[    0.060005] Spectre V2 : Spectre v2 / SpectreRSB mitigation: Filling RSB on context switch
[    0.064006] Speculative Store Bypass: Vulnerable
[    0.066676] SRBDS: Unknown: Dependent on hypervisor status
[    0.068006] MDS: Mitigation: Clear CPU buffers
[    0.072533] Freeing SMP alternatives memory: 36K
[    0.188571] smpboot: CPU0: Intel(R) Core(TM) i5-8250U CPU @ 1.60GHz (family: 0x6, model: 0x8e, stepping: 0xa)
[    0.192202] Performance Events: unsupported p6 CPU model 142 no PMU driver, software events only.
[    0.196132] Hierarchical SRCU implementation.
[    0.201669] NMI watchdog: Perf event create on CPU 0 failed with -2
[    0.204009] NMI watchdog: Perf NMI watchdog permanently disabled
[    0.208142] smp: Bringing up secondary CPUs ...
[    0.212403] x86: Booting SMP configuration:
[    0.216012] .... node  #0, CPUs:      #1
[    0.004000] kvm-clock: cpu 1, msr 0:3ff44041, secondary cpu clock
[    0.228087] smp: Brought up 1 node, 2 CPUs
[    0.230963] smpboot: Max logical packages: 1
[    0.232018] smpboot: Total of 2 processors activated (7199.99 BogoMIPS)
[    0.240224] devtmpfs: initialized
[    0.242587] x86/mm: Memory block size: 128MB
[    0.244538] evm: security.selinux
[    0.248013] evm: security.SMACK64
[    0.252013] evm: security.SMACK64EXEC
[    0.254844] evm: security.SMACK64TRANSMUTE
[    0.256008] evm: security.SMACK64MMAP
[    0.260012] evm: security.apparmor
[    0.264011] evm: security.ima
[    0.266224] evm: security.capability
[    0.268347] clocksource: jiffies: mask: 0xffffffff max_cycles: 0xffffffff, max_idle_ns: 7645041785100000 ns
[    0.272051] futex hash table entries: 512 (order: 3, 32768 bytes)
[    0.280000] pinctrl core: initialized pinctrl subsystem
[    0.288058] RTC time:  6:59:46, date: 07/16/20
[    0.290856] NET: Registered protocol family 16
[    0.292196] audit: initializing netlink subsys (disabled)
[    0.296072] audit: type=2000 audit(1594882796.791:1): state=initialized audit_enabled=0 res=1
[    0.300019] cpuidle: using governor ladder
[    0.302249] cpuidle: using governor menu
[    0.304149] ACPI: bus type PCI registered
[    0.308007] acpiphp: ACPI Hot Plug PCI Controller Driver version: 0.5
[    0.312240] PCI: Using configuration type 1 for base access
[    0.318649] HugeTLB registered 2.00 MiB page size, pre-allocated 0 pages
[    0.320150] ACPI: Added _OSI(Module Device)
[    0.324006] ACPI: Added _OSI(Processor Device)
[    0.325916] ACPI: Added _OSI(3.0 _SCP Extensions)
[    0.328016] ACPI: Added _OSI(Processor Aggregator Device)
[    0.330163] ACPI: Added _OSI(Linux-Dell-Video)
[    0.332008] ACPI: Added _OSI(Linux-Lenovo-NV-HDMI-Audio)
[    0.333912] ACPI: Added _OSI(Linux-HPI-Hybrid-Graphics)
[    0.336512] ACPI: Executed 1 blocks of module-level executable AML code
[    0.349609] ACPI: Interpreter enabled
[    0.351594] ACPI: (supports S0 S5)
[    0.352007] ACPI: Using IOAPIC for interrupt routing
[    0.356762] PCI: Using host bridge windows from ACPI; if necessary, use "pci=nocrs" and report a bug
[    0.360457] ACPI: Enabled 2 GPEs in block 00 to 07
[    0.384167] ACPI: PCI Root Bridge [PCI0] (domain 0000 [bus 00-ff])
[    0.387450] acpi PNP0A03:00: _OSC: OS supports [ASPM ClockPM Segments MSI]
[    0.392504] acpi PNP0A03:00: _OSC: not requesting OS control; OS requires [ExtendedConfig ASPM ClockPM MSI]
[    0.396030] acpi PNP0A03:00: fail to add MMCONFIG information, can't access extended PCI configuration space under this bridge.
[    0.405090] PCI host bridge to bus 0000:00
[    0.407244] pci_bus 0000:00: root bus resource [io  0x0000-0x0cf7 window]
[    0.408009] pci_bus 0000:00: root bus resource [io  0x0d00-0xffff window]
[    0.412009] pci_bus 0000:00: root bus resource [mem 0x000a0000-0x000bffff window]
[    0.416009] pci_bus 0000:00: root bus resource [mem 0x40000000-0xfdffffff window]
[    0.420009] pci_bus 0000:00: root bus resource [bus 00-ff]
[    0.431580] pci 0000:00:01.1: legacy IDE quirk: reg 0x10: [io  0x01f0-0x01f7]
[    0.432008] pci 0000:00:01.1: legacy IDE quirk: reg 0x14: [io  0x03f6]
[    0.436008] pci 0000:00:01.1: legacy IDE quirk: reg 0x18: [io  0x0170-0x0177]
[    0.440009] pci 0000:00:01.1: legacy IDE quirk: reg 0x1c: [io  0x0376]
[    0.475481] pci 0000:00:07.0: quirk: [io  0x4000-0x403f] claimed by PIIX4 ACPI
[    0.476041] pci 0000:00:07.0: quirk: [io  0x4100-0x410f] claimed by PIIX4 SMB
[    0.500026] ACPI: PCI Interrupt Link [LNKA] (IRQs 5 9 10 *11)
[    0.504742] ACPI: PCI Interrupt Link [LNKB] (IRQs 5 9 *10 11)
[    0.508059] ACPI: PCI Interrupt Link [LNKC] (IRQs 5 *9 10 11)
[    0.511576] ACPI: PCI Interrupt Link [LNKD] (IRQs 5 9 10 *11)
[    0.513069] SCSI subsystem initialized
[    0.516127] pci 0000:00:02.0: vgaarb: setting as boot VGA device
[    0.519420] pci 0000:00:02.0: vgaarb: VGA device added: decodes=io+mem,owns=io+mem,locks=none
[    0.520012] pci 0000:00:02.0: vgaarb: bridge control possible
[    0.524006] vgaarb: loaded
[    0.525625] ACPI: bus type USB registered
[    0.528054] usbcore: registered new interface driver usbfs
[    0.532050] usbcore: registered new interface driver hub
[    0.536075] usbcore: registered new device driver usb
[    0.538198] EDAC MC: Ver: 3.0.0
[    0.540471] PCI: Using ACPI for IRQ routing
[    0.542339] NetLabel: Initializing
[    0.544006] NetLabel:  domain hash size = 128
[    0.545999] NetLabel:  protocols = UNLABELED CIPSOv4 CALIPSO
[    0.548043] NetLabel:  unlabeled traffic allowed by default
[    0.552157] clocksource: Switched to clocksource kvm-clock
[    0.597804] VFS: Disk quotas dquot_6.6.0
[    0.600531] VFS: Dquot-cache hash table entries: 512 (order 0, 4096 bytes)
[    0.604789] AppArmor: AppArmor Filesystem Enabled
[    0.609096] pnp: PnP ACPI init
[    0.614538] pnp: PnP ACPI: found 3 devices
[    0.636807] clocksource: acpi_pm: mask: 0xffffff max_cycles: 0xffffff, max_idle_ns: 2085701024 ns
[    0.641624] NET: Registered protocol family 2
[    0.644580] TCP established hash table entries: 8192 (order: 4, 65536 bytes)
[    0.648197] TCP bind hash table entries: 8192 (order: 5, 131072 bytes)
[    0.655642] TCP: Hash tables configured (established 8192 bind 8192)
[    0.661739] UDP hash table entries: 512 (order: 2, 16384 bytes)
[    0.665036] UDP-Lite hash table entries: 512 (order: 2, 16384 bytes)
[    0.668260] NET: Registered protocol family 1
[    0.670889] pci 0000:00:00.0: Limiting direct PCI/PCI transfers
[    0.676283] pci 0000:00:01.0: Activating ISA DMA hang workarounds
[    0.680864] pci 0000:00:02.0: Video device with shadowed ROM at [mem 0x000c0000-0x000dffff]
[    0.686083] Unpacking initramfs...
[    1.434662] Freeing initrd memory: 19216K
[    1.437921] clocksource: tsc: mask: 0xffffffffffffffff max_cycles: 0x19f227af07c, max_idle_ns: 440795246167 ns
[    1.444661] platform rtc_cmos: registered platform RTC device (no PNP device found)
[    1.449700] Scanning for low memory corruption every 60 seconds
[    1.455011] Initialise system trusted keyrings
[    1.457421] Key type blacklist registered
[    1.460130] workingset: timestamp_bits=36 max_order=18 bucket_order=0
[    1.466405] zbud: loaded
[    1.469405] squashfs: version 4.0 (2009/01/31) Phillip Lougher
[    1.473202] fuse init (API version 7.26)
[    1.483052] Key type asymmetric registered
[    1.485426] Asymmetric key parser 'x509' registered
[    1.488364] Block layer SCSI generic (bsg) driver version 0.4 loaded (major 246)
[    1.492690] io scheduler noop registered
[    1.494862] io scheduler deadline registered
[    1.497370] io scheduler cfq registered (default)
[    1.500702] ACPI: AC Adapter [AC] (off-line)
[    1.503075] input: Power Button as /devices/LNXSYSTM:00/LNXPWRBN:00/input/input0
[    1.507419] ACPI: Power Button [PWRF]
[    1.509900] input: Sleep Button as /devices/LNXSYSTM:00/LNXSLPBN:00/input/input1
[    1.514022] ACPI: Sleep Button [SLPF]
[    1.519589] ACPI: Battery Slot [BAT0] (battery present)
[    1.522777] Serial: 8250/16550 driver, 32 ports, IRQ sharing enabled
[    1.548674] 00:02: ttyS0 at I/O 0x3f8 (irq = 4, base_baud = 115200) is a 16550A
[    1.561614] Linux agpgart interface v0.103
[    1.568085] loop: module loaded
[    1.571525] scsi host0: ata_piix
[    1.573931] scsi host1: ata_piix
[    1.575895] ata1: PATA max UDMA/33 cmd 0x1f0 ctl 0x3f6 bmdma 0xd000 irq 14
[    1.579446] ata2: PATA max UDMA/33 cmd 0x170 ctl 0x376 bmdma 0xd008 irq 15
[    1.584204] libphy: Fixed MDIO Bus: probed
[    1.586468] tun: Universal TUN/TAP device driver, 1.6
[    1.588914] PPP generic driver version 2.4.2
[    1.590894] ehci_hcd: USB 2.0 'Enhanced' Host Controller (EHCI) Driver
[    1.594057] ehci-pci: EHCI PCI platform driver
[    1.596583] ehci-platform: EHCI generic platform driver
[    1.599374] ohci_hcd: USB 1.1 'Open' Host Controller (OHCI) Driver
[    1.603006] ohci-pci: OHCI PCI platform driver
[    1.605675] ohci-platform: OHCI generic platform driver
[    1.608499] uhci_hcd: USB Universal Host Controller Interface driver
[    1.611933] i8042: PNP: PS/2 Controller [PNP0303:PS2K,PNP0f03:PS2M] at 0x60,0x64 irq 1,12
[    1.617395] serio: i8042 KBD port at 0x60,0x64 irq 1
[    1.620071] serio: i8042 AUX port at 0x60,0x64 irq 12
[    1.622982] mousedev: PS/2 mouse device common for all mice
[    1.626805] input: AT Translated Set 2 keyboard as /devices/platform/i8042/serio0/input/input2
[    1.632090] rtc_cmos rtc_cmos: rtc core: registered rtc_cmos as rtc0
[    1.634044] rtc_cmos rtc_cmos: alarms up to one day, 114 bytes nvram
[    1.636411] i2c /dev entries driver
[    1.637614] device-mapper: uevent: version 1.0.3
[    1.639638] device-mapper: ioctl: 4.37.0-ioctl (2017-09-20) initialised: dm-devel@redhat.com
[    1.642406] ledtrig-cpu: registered to indicate activity on CPUs
[    1.645433] NET: Registered protocol family 10
[    1.653751] Segment Routing with IPv6
[    1.655139] NET: Registered protocol family 17
[    1.656866] Key type dns_resolver registered
[    1.659303] mce: Using 0 MCE banks
[    1.660759] RAS: Correctable Errors collector initialized.
[    1.662808] sched_clock: Marking stable (1660724549, 0)->(2142996064, -482271515)
[    1.666782] registered taskstats version 1
[    1.668771] Loading compiled-in X.509 certificates
[    1.675442] Loaded X.509 cert 'Build time autogenerated kernel key: e7f49a8350fc58df7a2fc42bf39ecd356db1ebb3'
[    1.679815] zswap: loaded using pool lzo/zbud
[    1.690765] Key type big_key registered
[    1.693746] Key type trusted registered
[    1.700276] Key type encrypted registered
[    1.702380] AppArmor: AppArmor sha1 policy hashing enabled
[    1.705480] ima: No TPM chip found, activating TPM-bypass! (rc=-19)
[    1.708718] ima: Allocated hash algorithm: sha1
[    1.711800] evm: HMAC attrs: 0x1
[    1.714348]   Magic number: 12:285:974
[    1.716840] rtc_cmos rtc_cmos: setting system clock to 2020-07-16 06:59:48 UTC (1594882788)
[    1.721610] BIOS EDD facility v0.16 2004-Jun-25, 0 devices found
[    1.725161] EDD information not available.
[    1.779725] Freeing unused kernel image memory: 2436K
[    1.792272] Write protecting the kernel read-only data: 20480k
[    1.798009] Freeing unused kernel image memory: 2008K
[    1.802511] Freeing unused kernel image memory: 1872K
[    1.835685] x86/mm: Checked W+X mappings: passed, no W+X pages found.
[    1.840105] x86/mm: Checking user space page tables
[    1.870877] x86/mm: Checked W+X mappings: passed, no W+X pages found.
Loading, please wait...
starting version 237
[    2.020235] e1000: Intel(R) PRO/1000 Network Driver - version 7.3.21-k8-NAPI
[    2.022823] e1000: Copyright (c) 1999-2006 Intel Corporation.
[    2.029892] Fusion MPT base driver 3.04.20
[    2.031259] Copyright (c) 1999-2008 LSI Corporation
[    2.066669] AVX2 version of gcm_enc/dec engaged.
[    2.069530] AES CTR mode by8 optimization enabled
[    2.130980] Fusion MPT SPI Host driver 3.04.20
[    2.246240] input: ImExPS/2 Generic Explorer Mouse as /devices/platform/i8042/serio1/input/input4
[    2.631283] e1000 0000:00:03.0 eth0: (PCI:33MHz:32-bit) 02:5e:5f:5b:75:13
[    2.638240] e1000 0000:00:03.0 eth0: Intel(R) PRO/1000 Network Connection
[    2.648638] e1000 0000:00:03.0 enp0s3: renamed from eth0
[    2.654499] mptbase: ioc0: Initiating bringup
[    3.339109] ioc0: LSI53C1030 A0: Capabilities={Initiator}
[    6.473216] scsi host2: ioc0: LSI53C1030 A0, FwRev=00000000h, Ports=1, MaxQ=256, IRQ=20
[    8.437237] scsi 2:0:0:0: Direct-Access     VBOX     HARDDISK         1.0  PQ: 0 ANSI: 5
[    8.476056] scsi target2:0:0: Beginning Domain Validation
[    8.485051] scsi target2:0:0: Domain Validation skipping write tests
[    8.488739] scsi target2:0:0: Ending Domain Validation
[    8.491500] scsi target2:0:0: asynchronous
[    8.495491] scsi 2:0:1:0: Direct-Access     VBOX     HARDDISK         1.0  PQ: 0 ANSI: 5
[    8.533021] scsi target2:0:1: Beginning Domain Validation
[    8.541790] random: fast init done
[    8.554583] scsi target2:0:1: Domain Validation skipping write tests
[    8.560771] scsi target2:0:1: Ending Domain Validation
[    8.567999] scsi target2:0:1: asynchronous
[    8.604907] random: systemd-udevd: uninitialized urandom read (16 bytes read)
[    8.613728] random: systemd-udevd: uninitialized urandom read (16 bytes read)
[    8.623140] sd 2:0:0:0: Attached scsi generic sg0 type 0
[    8.629721] random: systemd-udevd: uninitialized urandom read (16 bytes read)
[    8.638811] sd 2:0:1:0: Attached scsi generic sg1 type 0
[    8.645555] sd 2:0:0:0: [sda] 20971520 512-byte logical blocks: (10.7 GB/10.0 GiB)
[    8.655862] sd 2:0:0:0: [sda] Write Protect is off
[    8.661308] sd 2:0:1:0: [sdb] 20480 512-byte logical blocks: (10.5 MB/10.0 MiB)
[    8.669976] sd 2:0:1:0: [sdb] Write Protect is off
[    8.675201] sd 2:0:0:0: [sda] Incomplete mode parameter data
[    8.681069] sd 2:0:0:0: [sda] Assuming drive cache: write through
[    8.689773] sd 2:0:1:0: [sdb] Incomplete mode parameter data
[    8.695154] sd 2:0:1:0: [sdb] Assuming drive cache: write through
[    8.774453]  sda: sda1
[    8.782475] sd 2:0:0:0: [sda] Attached SCSI disk
[    8.795983] sd 2:0:1:0: [sdb] Attached SCSI disk
Begin: Loading essential drivers ... [   12.028029] raid6: sse2x1   gen()  5157 MB/s
[   12.076239] raid6: sse2x1   xor()  4010 MB/s
[   12.124153] raid6: sse2x2   gen()  6426 MB/s
[   12.172100] raid6: sse2x2   xor()  3552 MB/s
[   12.220064] raid6: sse2x4   gen() 11417 MB/s
[   12.268028] raid6: sse2x4   xor()  5794 MB/s
[   12.316021] raid6: avx2x1   gen() 12039 MB/s
[   12.366514] raid6: avx2x1   xor()  9532 MB/s
[   12.416230] raid6: avx2x2   gen() 11900 MB/s
[   12.464231] raid6: avx2x2   xor()  9807 MB/s
[   12.512075] raid6: avx2x4   gen() 18491 MB/s
[   12.560322] raid6: avx2x4   xor()  9283 MB/s
[   12.562861] raid6: using algorithm avx2x4 gen() 18491 MB/s
[   12.577423] raid6: .... xor() 9283 MB/s, rmw enabled
[   12.580013] raid6: using avx2x2 recovery algorithm
[   12.585756] xor: automatically using best checksumming function   avx
[   12.592752] async_tx: api initialized (async)
done.
Begin: Running /scripts/init-premount ... done.
Begin: Mounting root file system ... Begin: Running /scripts/local-top ... done.
Begin: Running /scripts/local-premount ... [   12.716154] Btrfs loaded, crc32c=crc32c-intel
Scanning for Btrfs filesystems
done.
Warning: fsck not present, so skipping root file system
[   12.829271] EXT4-fs (sda1): mounted filesystem with ordered data mode. Opts: (null)
done.
Begin: Running /scripts/local-bottom ... done.
Begin: Running /scripts/init-bottom ... done.
[   14.225136] ip_tables: (C) 2000-2006 Netfilter Core Team
[   14.360245] systemd[1]: systemd 237 running in system mode. (+PAM +AUDIT +SELINUX +IMA +APPARMOR +SMACK +SYSVINIT +UTMP +LIBCRYPTSETUP +GCRYPT +GNUTLS +ACL +XZ +LZ4 +SECCOMP +BLKID +ELFUTILS +KMOD -IDN2 +IDN -PCRE2 default-hierarchy=hybrid)
[   14.381865] systemd[1]: Detected virtualization oracle.
[   14.386942] systemd[1]: Detected architecture x86-64.

Welcome to [1mUbuntu 18.04.4 LTS[0m!

[   14.440355] systemd[1]: Set hostname to <ubuntu>.
[   14.496331] systemd[1]: Initializing machine ID from random generator.
[   14.502714] systemd[1]: Installed transient /etc/machine-id file.
[   14.870690] random: crng init done
[   14.874755] random: 7 urandom warning(s) missed due to ratelimiting
[   16.211845] systemd[1]: Reached target System Time Synchronized.
[[0;32m  OK  [0m] Reached target System Time Synchronized.
[   16.218451] systemd[1]: Created slice User and Session Slice.
[[0;32m  OK  [0m] Created slice User and Session Slice.
[   16.222216] systemd[1]: Set up automount Arbitrary Executable File Formats File System Automount Point.
[[0;32m  OK  [0m] Set up automount Arbitrary Executabâ€¦rmats File System Automount Point.
[   16.227106] systemd[1]: Reached target Swap.
[[0;32m  OK  [0m] Reached target Swap.
[[0;32m  OK  [0m] Reached target User and Group Name Lookups.
[[0;32m  OK  [0m] Created slice System Slice.
[[0;32m  OK  [0m] Listening on Network Service Netlink Socket.
[[0;32m  OK  [0m] Listening on Journal Socket.
         Mounting Huge Pages File System...
         Starting Load Kernel Modules...
         Starting Set the console keyboard layout...
         Starting Create list of required stâ€¦ce nodes for the current kernel...
[[0;32m  OK  [0m] Listening on Device-mapper event daemon FIFOs.
         Starting Remount Root and Kernel File Systems...
[[0;32m  OK  [0m] Reached target Slices.
         Mounting POSIX Message Queue File System...
[[0;32m  OK  [0m] Created slice system-serial\x2dgetty.slice.
[[0;32m  OK  [0m] Listening on /dev/initctl Compatibility Named Pipe.
[[0;32m  OK  [0m] Listening on LVM2 poll daemon socket.
         Starting Uncomplicated firewall...
[   16.425348] Loading iSCSI transport class v2.0-870.
[[0;32m  OK  [0m] Listening on udev Control Socket.
[[0;32m  OK  [0m] Listening on Journal Socket (/dev/log).
[[0;32m  OK  [0m] Listening on LVM2 metadata daemon socket.
         Starting Monitoring of LVM2 mirrorsâ€¦ng dmeventd or progress polling...
[[0;32m  OK  [0m] Listening on Journal Audit Socket.
         Mounting Kernel Debug File System...
[[0;32m  OK  [0m] Listening on udev Kernel Socket.
         Starting udev Coldplug all Devices...
[[0;32m  OK  [0m] Started Forward Password Requests to Wall Directory Watch.
[[0;32m  OK  [0m] Listening on Syslog Socket.
         Starting Journal Service...
[   16.562717] EXT4-fs (sda1): re-mounted. Opts: (null)
[[0;32m  OK  [0m] Mounted Huge Pages File System.
[[0;32m  OK  [0m] Started Create list of required staâ€¦vice nodes for the current kernel.
[[0;32m  OK  [0m] Started Remount Root and Kernel File Systems.
[[0;32m  OK  [0m] Mounted POSIX Message Queue File System.
[[0;32m  OK  [0m] Started Uncomplicated firewall.
[[0;32m  OK  [0m] Mounted Kernel Debug File System.
         Starting Load/Save Random Seed...
[   16.711357] iscsi: registered transport (tcp)
         Starting Create Static Device Nodes in /dev...
[[0;32m  OK  [0m] Started Load/Save Random Seed.
[[0;32m  OK  [0m] Started Create Static Device Nodes in /dev.
         Starting udev Kernel Device Manager...
[[0;32m  OK  [0m] Started udev Coldplug all Devices.
[[0;32m  OK  [0m] Started Journal Service.
         Starting Flush Journal to Persistent Storage...
[[0;32m  OK  [0m] Started LVM2 metadata daemon.
[[0;32m  OK  [0m] Started udev Kernel Device Manager.
[   17.314862] systemd-journald[395]: Received request to flush runtime journal from PID 1
[   17.432210] iscsi: registered transport (iser)
[[0;32m  OK  [0m] Started Load Kernel Modules.
         Starting Apply Kernel Variables...
         Mounting FUSE Control File System...
         Mounting Kernel Configuration File System...
[[0;32m  OK  [0m] Mounted FUSE Control File System.
[[0;32m  OK  [0m] Mounted Kernel Configuration File System.
[[0;32m  OK  [0m] Started Monitoring of LVM2 mirrors,â€¦sing dmeventd or progress polling.
[[0;32m  OK  [0m] Started Flush Journal to Persistent Storage.
[[0;32m  OK  [0m] Started Apply Kernel Variables.
[[0;32m  OK  [0m] Found device /dev/ttyS0.
[[0;32m  OK  [0m] Listening on Load/Save RF Kill Switch Status /dev/rfkill Watch.
[[0;32m  OK  [0m] Started Set the console keyboard layout.
[[0;32m  OK  [0m] Started Dispatch Password Requests to Console Directory Watch.
[[0;32m  OK  [0m] Reached target Local Encrypted Volumes.
[[0;32m  OK  [0m] Reached target Local File Systems (Pre).
[[0;32m  OK  [0m] Reached target Local File Systems.
         Starting Set console font and keymap...
         Starting Tell Plymouth To Write Out Runtime Data...
         Starting Create Volatile Files and Directories...
         Starting AppArmor initialization...
         Starting Commit a transient machine-id on disk...
         Starting ebtables ruleset management...
[[0;32m  OK  [0m] Started Set console font and keymap.
[[0;32m  OK  [0m] Started Tell Plymouth To Write Out Runtime Data.
[[0;32m  OK  [0m] Started Create Volatile Files and Directories.
         Starting Update UTMP about System Boot/Shutdown...
[[0;32m  OK  [0m] Started Update UTMP about System Boot/Shutdown.
[[0;32m  OK  [0m] Started Commit a transient machine-id on disk.
[[0;32m  OK  [0m] Started ebtables ruleset management.
[[0;32m  OK  [0m] Started AppArmor initialization.
         Starting Load AppArmor profiles managed internally by snapd...
         Starting Initial cloud-init job (pre-networking)...
[[0;32m  OK  [0m] Started Load AppArmor profiles managed internally by snapd.
[   34.037384] cloud-init[625]: Cloud-init v. 19.4-33-gbb4131a2-0ubuntu1~18.04.1 running 'init-local' at Thu, 16 Jul 2020 07:00:19 +0000. Up 32.40 seconds.
[[0;32m  OK  [0m] Started Initial cloud-init job (pre-networking).
[[0;32m  OK  [0m] Reached target Network (Pre).
         Starting Network Service...
[[0;32m  OK  [0m] Started Network Service.
         Starting Network Name Resolution...
         Starting Wait for Network to be Configured...
[[0;32m  OK  [0m] Started Network Name Resolution.
[[0;32m  OK  [0m] Reached target Network.
[[0;32m  OK  [0m] Reached target Host and Network Name Lookups.
[[0;32m  OK  [0m] Started Wait for Network to be Configured.
         Starting Initial cloud-init job (metadata service crawler)...
[   38.879581] cloud-init[759]: Cloud-init v. 19.4-33-gbb4131a2-0ubuntu1~18.04.1 running 'init' at Thu, 16 Jul 2020 07:00:25 +0000. Up 38.27 seconds.
[   38.883060] cloud-init[759]: ci-info: ++++++++++++++++++++++++++++++++++++++Net device info++++++++++++++++++++++++++++++++++++++
[   38.897370] cloud-init[759]: ci-info: +--------+------+----------------------------+---------------+--------+-------------------+
[   38.900881] cloud-init[759]: ci-info: | Device |  Up  |          Address           |      Mask     | Scope  |     Hw-Address    |
[   38.904345] cloud-init[759]: ci-info: +--------+------+----------------------------+---------------+--------+-------------------+
[   38.916863] cloud-init[759]: ci-info: | enp0s3 | True |         10.0.2.15          | 255.255.255.0 | global | 02:5e:5f:5b:75:13 |
[   38.919404] cloud-init[759]: ci-info: | enp0s3 | True | fe80::5e:5fff:fe5b:7513/64 |       .       |  link  | 02:5e:5f:5b:75:13 |
[   38.932990] cloud-init[759]: ci-info: |   lo   | True |         127.0.0.1          |   255.0.0.0   |  host  |         .         |
[   38.944939] cloud-init[759]: ci-info: |   lo   | True |          ::1/128           |       .       |  host  |         .         |
[   38.952534] cloud-init[759]: ci-info: +--------+------+----------------------------+---------------+--------+-------------------+
[   38.956114] cloud-init[759]: ci-info: ++++++++++++++++++++++++++++Route IPv4 info+++++++++++++++++++++++++++++
[   38.959134] cloud-init[759]: ci-info: +-------+-------------+----------+-----------------+-----------+-------+
[   38.970044] cloud-init[759]: ci-info: | Route | Destination | Gateway  |     Genmask     | Interface | Flags |
[   38.973389] cloud-init[759]: ci-info: +-------+-------------+----------+-----------------+-----------+-------+
[   38.984842] cloud-init[759]: ci-info: |   0   |   0.0.0.0   | 10.0.2.2 |     0.0.0.0     |   enp0s3  |   UG  |
[   38.996956] cloud-init[759]: ci-info: |   1   |   10.0.2.0  | 0.0.0.0  |  255.255.255.0  |   enp0s3  |   U   |
[   39.000193] cloud-init[759]: ci-info: |   2   |   10.0.2.2  | 0.0.0.0  | 255.255.255.255 |   enp0s3  |   UH  |
[   39.004747] cloud-init[759]: ci-info: +-------+-------------+----------+-----------------+-----------+-------+
[   39.009570] cloud-init[759]: ci-info: +++++++++++++++++++Route IPv6 info+++++++++++++++++++
[   39.012440] cloud-init[759]: ci-info: +-------+-------------+---------+-----------+-------+
[   39.015112] cloud-init[759]: ci-info: | Route | Destination | Gateway | Interface | Flags |
[   39.018244] cloud-init[759]: ci-info: +-------+-------------+---------+-----------+-------+
[   39.022188] cloud-init[759]: ci-info: |   1   |  fe80::/64  |    ::   |   enp0s3  |   U   |
[   39.025894] cloud-init[759]: ci-info: |   3   |    local    |    ::   |   enp0s3  |   U   |
[   39.028746] cloud-init[759]: ci-info: |   4   |   ff00::/8  |    ::   |   enp0s3  |   U   |
[   39.031492] cloud-init[759]: ci-info: +-------+-------------+---------+-----------+-------+
[   43.506800] cloud-init[759]: Generating public/private rsa key pair.
[   43.508295] cloud-init[759]: Your identification has been saved in /etc/ssh/ssh_host_rsa_key.
[   43.510162] cloud-init[759]: Your public key has been saved in /etc/ssh/ssh_host_rsa_key.pub.
[   43.511372] cloud-init[759]: The key fingerprint is:
[   43.520484] cloud-init[759]: SHA256:XFAlmWf2h4VoJVvwmT2W/GCwC/GLeIpiauRowpX/mbY root@ubuntu-bionic
[   43.521731] cloud-init[759]: The key's randomart image is:
[   43.532884] cloud-init[759]: +---[RSA 2048]----+
[   43.534285] cloud-init[759]: |        ..++=+o. |
[   43.535566] cloud-init[759]: |         .o+*Bo+o|
[   43.548572] cloud-init[759]: |          o=+.*B.|
[   43.550141] cloud-init[759]: |       . o o ++.+|
[   43.551950] cloud-init[759]: |    .   S o o  ..|
[   43.569182] cloud-init[759]: |  .o   . o       |
[   43.570203] cloud-init[759]: |.+. + . .        |
[   43.571293] cloud-init[759]: |oooo o .o        |
[   43.572520] cloud-init[759]: |o..   oE.        |
[   43.584727] cloud-init[759]: +----[SHA256]-----+
[   43.596494] cloud-init[759]: Generating public/private dsa key pair.
[   43.598282] cloud-init[759]: Your identification has been saved in /etc/ssh/ssh_host_dsa_key.
[   43.600476] cloud-init[759]: Your public key has been saved in /etc/ssh/ssh_host_dsa_key.pub.
[   43.603455] cloud-init[759]: The key fingerprint is:
[   43.604981] cloud-init[759]: SHA256:EHmtVh3skqTf0ru+j6Xr2/LDvx0EVKNrBIvKuwVjS8U root@ubuntu-bionic
[   43.606936] cloud-init[759]: The key's randomart image is:
[   43.608833] cloud-init[759]: +---[DSA 1024]----+
[   43.609794] cloud-init[759]: |      .. . +.o.o |
[   43.620683] cloud-init[759]: |      ..o = * . .|
[   43.621943] cloud-init[759]: |      .. E + +   |
[   43.632523] cloud-init[759]: |      ..* o o o  |
[   43.633862] cloud-init[759]: |       OS. + o . |
[   43.635800] cloud-init[759]: |      o = o + .  |
[   43.637197] cloud-init[759]: |       o . . o.. |
[   43.638254] cloud-init[759]: |        o   o=o o|
[   43.639473] cloud-init[759]: |       .   oXO+++|
[   43.640679] cloud-init[759]: +----[SHA256]-----+
[[0;32m  OK  [0m] Started Initial cloud-init job (metadata service crawler).
[[0;32m  OK  [0m] Reached target Network is Online.
[   43.658456] cloud-init[759]: Generating public/private ecdsa key pair.
[   43.663001] cloud-init[759]: Your identification has been saved in /etc/ssh/ssh_host_ecdsa_key.
[   43.665203] cloud-init[759]: Your public key has been saved in /etc/ssh/ssh_host_ecdsa_key.pub.
[   43.666401] cloud-init[759]: The key fingerprint is:
[   43.667662] cloud-init[759]: SHA256:bAIfsTfO8H89H8IuQ9ZE+hK2ueyPSWTdnXcBa5BhbDY root@ubuntu-bionic
         Starting Availability of block devices...
[[0;32m  OK  [0m] Reached target Remote File Systems (Pre).
[[0;32m  OK  [0m] Reached target Remote File Systems.
[[0;32m  OK  [0m] Reached target System Initialization.
[[0;32m  OK  [0m] Started Daily Cleanup of Temporary Directories.
[[0;32m  OK  [0m] Listening on ACPID Listen Socket.
[   43.675920] cloud-init[759]: The key's randomart image is:
[   43.709958] cloud-init[759]: +---[ECDSA 256]---+
[[0;32m  OK  [0m] Started ACPI Events Check.
[[0;32m  OK  [0m] Listening on D-Bus System Message Bus Socket.
[   43.714652] cloud-init[759]: |      .   .+o.   |
         Starting Socket activation for snappy daemon.
[[0;32m  OK  [0m] Reached target Paths.
[[0;32m  OK  [0m] Listening on Open-iSCSI iscsid Socket.
[   43.720246] cloud-init[759]: |       o  .E..o  |
[   43.721983] cloud-init[759]: |    . + o o +o . |
[   43.723202] cloud-init[759]: |     o O . +o.. +|
[   43.732266] cloud-init[759]: |      o S .oB. o+|
[   43.753019] cloud-init[759]: |       o .o*.+  o|
[   43.754526] cloud-init[759]: |          =.+oo. |
[   43.764742] cloud-init[759]: |          .*+ .o.|
[   43.765450] cloud-init[759]: |          .++o  .|
[   43.953890] cloud-init[759]: +----[SHA256]-----+
[[0;32m  OK  [0m] Started Message of the Day.
[[0;32m  OK  [0m] Listening on UUID daemon activation socket.
[   43.955879] cloud-init[759]: Generating public/private ed25519 key pair.
[   43.970867] cloud-init[759]: Your identification has been saved in /etc/ssh/ssh_host_ed25519_key.
         Starting LXD - unix socket.
[   43.988476] cloud-init[[0;32m  OK  [0m] Started Discard unused blocks once a week.
[[0;32m  OK  [0m] Started Daily apt download activities.
[759]: Your public key has been saved in /etc/ssh/ssh_host_ed25519_key.pub.
[[0;32m  OK  [0m] Started Daily apt upgrade and clean activities.
[[0;32m  OK  [0m] Reached target Timers.
[[0;32m  OK  [0m] Reached target Cloud-config availability.
[[0;32m  OK  [0m] Started Availability of block devices.
[[0;32m  OK  [0m] Listening on Socket activation for snappy daemon.
[[0;32m  OK  [0m] Listening on LXD - unix socket.
[[0;32m  OK  [0m] Reached target Sockets.
[[0;32m  OK  [0m] Reached target Basic System.
[   44.009271] cloud-init[759]: The key fingerprint is:
[[0;32m  OK  [0m] Started D-Bus System Message Bus.
[   44.018252] cloud-init[759]: SHA256:I2mqmTTf4mxOjjXFWl5ACKJz5B1L6TQY03dOkKQZxX8 root@ubuntu-bionic
[   44.036906] cloud-init[759]: The key's randomart image is:
[   44.037857] cloud-init[759]: +--[ED25519 256]--+
[   44.038876] cloud-init[759]: |. ==+*=o         |
[   44.040231] cloud-init[759]: |.+.+*B+ o        |
[   44.041605] cloud-init[759]: |o oo=o.=         |
[   44.042838] cloud-init[759]: | o  .. oo E      |
[   44.056976] cloud-init[759]: |      B S.       |
[   44.058081] cloud-init[759]: |     B o .       |
[   44.058791] cloud-init[759]: |  o * .          |
[   44.059790] cloud-init[759]: | . %oo           |
[   44.077398] cloud-init[759]: |  =+*..          |
[   44.078628] cloud-init[759]: +----[SHA256]-----+
[[0;32m  OK  [0m] Started irqbalance daemon.
         Starting Permit User Sessions...
[[0;32m  OK  [0m] Started Deferred execution scheduler.
         Starting LSB: Record successful boot for GRUB...
[[0;32m  OK  [0m] Started FUSE filesystem for LXC.
         Starting Pollinate to seed the pseudo random number generator...
         Starting Accounts Service...
         Starting Dispatcher daemon for systemd-networkd...
         Starting LXD - container startup/shutdown...
         Starting Login Service...
         Starting System Logging Service...
         Starting LSB: automatic crash report generation...
[[0;32m  OK  [0m] Started Regular background program processing daemon.
         Starting Virtualbox guest utils...
         Starting Snap Daemon...
[[0;32m  OK  [0m] Started Permit User Sessions.
         Starting Terminate Plymouth Boot Screen...
         Starting Hold until boot process finishes up...
[[0;32m  OK  [0m] Started Hold until boot process finishes up.
[[0;32m  OK  [0m] Started Terminate Plymouth Boot Screen.
         Starting Set console scheme...
[[0;32m  OK  [0m] Started Serial Getty on ttyS0.
[[0;32m  OK  [0m] Started Login Service.
[[0;32m  OK  [0m] Started Unattended Upgrades Shutdown.
[[0;32m  OK  [0m] Started Set console scheme.
[[0;32m  OK  [0m] Created slice system-getty.slice.
[[0;32m  OK  [0m] Started Getty on tty1.
[[0;32m  OK  [0m] Reached target Login Prompts.
[[0;32m  OK  [0m] Started System Logging Service.
[[0;32m  OK  [0m] Started LSB: automatic crash report generation.
         Starting Authorization Manager...
[[0;32m  OK  [0m] Started LSB: Record successful boot for GRUB.
[[0;32m  OK  [0m] Started Authorization Manager.
[[0;32m  OK  [0m] Started Accounts Service.
[[0;32m  OK  [0m] Started Dispatcher daemon for systemd-networkd.
[[0;32m  OK  [0m] Started Virtualbox guest utils.
[[0;32m  OK  [0m] Started LXD - container startup/shutdown.
[[0;32m  OK  [0m] Started Snap Daemon.
         Starting Wait until snapd is fully seeded...

Ubuntu 18.04.4 LTS ubuntu-bionic ttyS0

ubuntu-bionic login: [[0;32m  OK  [0m] Started Wait until snapd is fully seeded.
         Starting Apply the settings specified in cloud-config...
[[0;32m  OK  [0m] Reached target Multi-User System.
[[0;32m  OK  [0m] Reached target Graphical Interface.
         Starting Update UTMP about System Runlevel Changes...
[[0;32m  OK  [0m] Started Update UTMP about System Runlevel Changes.
[   93.306112] cloud-init[2225]: Cloud-init v. 19.4-33-gbb4131a2-0ubuntu1~18.04.1 running 'modules:config' at Thu, 16 Jul 2020 07:01:17 +0000. Up 91.11 seconds.
[[0;32m  OK  [0m] Started Apply the settings specified in cloud-config.
         Starting Execute cloud user/final scripts...
ci-info: no authorized SSH keys fingerprints found for user ubuntu.
<14>Jul 16 07:01:20 ec2:
<14>Jul 16 07:01:20 ec2: #############################################################
<14>Jul 16 07:01:20 ec2: -----BEGIN SSH HOST KEY FINGERPRINTS-----
<14>Jul 16 07:01:20 ec2: 1024 SHA256:EHmtVh3skqTf0ru+j6Xr2/LDvx0EVKNrBIvKuwVjS8U root@ubuntu-bionic (DSA)
<14>Jul 16 07:01:20 ec2: 256 SHA256:bAIfsTfO8H89H8IuQ9ZE+hK2ueyPSWTdnXcBa5BhbDY root@ubuntu-bionic (ECDSA)
<14>Jul 16 07:01:20 ec2: 256 SHA256:I2mqmTTf4mxOjjXFWl5ACKJz5B1L6TQY03dOkKQZxX8 root@ubuntu-bionic (ED25519)
<14>Jul 16 07:01:20 ec2: 2048 SHA256:XFAlmWf2h4VoJVvwmT2W/GCwC/GLeIpiauRowpX/mbY root@ubuntu-bionic (RSA)
<14>Jul 16 07:01:20 ec2: -----END SSH HOST KEY FINGERPRINTS-----
<14>Jul 16 07:01:20 ec2: #############################################################
-----BEGIN SSH HOST KEY KEYS-----
ecdsa-sha2-nistp256 AAAAE2VjZHNhLXNoYTItbmlzdHAyNTYAAAAIbmlzdHAyNTYAAABBBOz6mnp8rS6JgVyN0/8ONNdgv720pp+C6g58oVIz6oQNsOhx1aDB2NyzPXl05JmwXi+hOnpWJC9jFz1kTK2N5pY= root@ubuntu-bionic
ssh-ed25519 AAAAC3NzaC1lZDI1NTE5AAAAIJWwe8HzOABpd0HrqsPa0hhBk/iQS7Icb2zfPiKwXu73 root@ubuntu-bionic
ssh-rsa AAAAB3NzaC1yc2EAAAADAQABAAABAQDbA/cCzMCOcZsRnwIfJyeVZgY4TPLYF2S5/OW2fPJFiIYyXzXFnbkjYsVSMO5DkhJROIqPW5VSlZHlqlU4Ak2KlU4RIWNzDZNHz9oCRxP8wGG32MbNODvg7ZZI9ehNKl5hPuH52P/vWSsh/3gSXdjPt+WF0c1j/CLnutyw0u4W1jksqzjmJpKddhgy06aAkkE8uKE3b8ibSPAqAGL1Qh1Wbqk2eXJUZnXozPgxIqub0A2XFavEcc4Tcm4tBpXWBRSjz2c4s7G6O+nDgH4rER+74cvvki+KuDZKsNfyai1frpXwFxvqffa4WQMC32SY+hXgrRm/78kfw2u0smXfPkBv root@ubuntu-bionic
-----END SSH HOST KEY KEYS-----
[   94.127842] cloud-init[2264]: Cloud-init v. 19.4-33-gbb4131a2-0ubuntu1~18.04.1 running 'modules:final' at Thu, 16 Jul 2020 07:01:20 +0000. Up 93.82 seconds.
[   94.128760] cloud-init[2264]: ci-info: no authorized SSH keys fingerprints found for user ubuntu.
[   94.129511] cloud-init[2264]: Cloud-init v. 19.4-33-gbb4131a2-0ubuntu1~18.04.1 finished at Thu, 16 Jul 2020 07:01:20 +0000. Datasource DataSourceNoCloud [seed=/dev/sdb][dsmode=net].  Up 94.11 seconds
[[0;32m  OK  [0m] Started Execute cloud user/final scripts.
[[0;32m  OK  [0m] Reached target Cloud-init target.
